// Jest Snapshot v1, https://goo.gl/fbAQLP

exports[`TagInput Component the Dropdown element that is rendered without props should contain a Dropdown 1`] = `
<Dropdown
  additionLabel="Add "
  additionPosition="top"
  className="link item"
  closeOnBlur={true}
  deburr={false}
  icon="dropdown"
  minCharacters={1}
  noResultsMessage="No results found."
  openOnFocus={true}
  options={Array []}
  placeholder="Select a Category"
  renderLabel={[Function]}
  scrolling={true}
  search={true}
  searchInput="text"
  selectOnBlur={true}
  selectOnNavigation={true}
  selection={true}
  wrapSelection={true}
/>
`;
